vboxuser@Ubuntu:~/Documents/Assignment/Linux_Training_Module5$ chmod +x file_analyzer.sh 
vboxuser@Ubuntu:~/Documents/Assignment/Linux_Training_Module5$ ./file_analyzer.sh -d test_directory/ -k log
Searching directory 'test_directory/' for keyword 'log'...
Found 'log' in file: test_directory//log1.txt
Found 'log' in file: test_directory//sub_dir/log2.txt
vboxuser@Ubuntu:~/Documents/Assignment/Linux_Training_Module5$ ./file_analyzer.sh -f script.sh/ -k script
Error: File 'script.sh/' does not exist.
vboxuser@Ubuntu:~/Documents/Assignment/Linux_Training_Module5$ ls
errors.log  file_analyzer.sh  test_directory
vboxuser@Ubuntu:~/Documents/Assignment/Linux_Training_Module5$ ls
errors.log  file_analyzer.sh  script.sh  test_directory
vboxuser@Ubuntu:~/Documents/Assignment/Linux_Training_Module5$ ./file_analyzer.sh -f script.sh -k command
Searching in file 'script.sh' for keyword 'command'...
Keyword 'command' found in file 'script.sh'.S
vboxuser@Ubuntu:~/Documents/Assignment/Linux_Training_Module5$ ./file_analyzer.sh -help
Usage: ./file_analyzer.sh [options]
Options:
  -d <directory>   Directory to search.
  -k <keyword>     Keyword to search.
  -f <file>        File to search directly.
  --help           Display this help menu.
vboxuser@Ubuntu:~/Documents/Assignment/Linux_Training_Module5$ 

